
> backend@0.0.1 start:dev
> nest start --watch

[2J[3J[H[[90m4:23:59 PM[0m] Starting compilation in watch mode...

[[90m4:24:01 PM[0m] Found 0 errors. Watching for file changes.

[32m[Nest] 607682  - [39m02/04/2026, 4:24:02 PM [32m    LOG[39m [38;5;3m[NestFactory] [39m[32mStarting Nest application...[39m
[32m[Nest] 607682  - [39m02/04/2026, 4:24:02 PM [32m    LOG[39m [38;5;3m[InstanceLoader] [39m[32mCommonModule dependencies initialized[39m[38;5;3m +8ms[39m
[32m[Nest] 607682  - [39m02/04/2026, 4:24:02 PM [32m    LOG[39m [38;5;3m[InstanceLoader] [39m[32mPassportModule dependencies initialized[39m[38;5;3m +0ms[39m
[32m[Nest] 607682  - [39m02/04/2026, 4:24:02 PM [32m    LOG[39m [38;5;3m[InstanceLoader] [39m[32mConfigHostModule dependencies initialized[39m[38;5;3m +0ms[39m
[32m[Nest] 607682  - [39m02/04/2026, 4:24:02 PM [32m    LOG[39m [38;5;3m[InstanceLoader] [39m[32mAppModule dependencies initialized[39m[38;5;3m +1ms[39m
[32m[Nest] 607682  - [39m02/04/2026, 4:24:02 PM [32m    LOG[39m [38;5;3m[InstanceLoader] [39m[32mConfigModule dependencies initialized[39m[38;5;3m +0ms[39m
[32m[Nest] 607682  - [39m02/04/2026, 4:24:02 PM [32m    LOG[39m [38;5;3m[InstanceLoader] [39m[32mConfigModule dependencies initialized[39m[38;5;3m +0ms[39m
[32m[Nest] 607682  - [39m02/04/2026, 4:24:02 PM [32m    LOG[39m [38;5;3m[InstanceLoader] [39m[32mPropertyModule dependencies initialized[39m[38;5;3m +0ms[39m
[32m[Nest] 607682  - [39m02/04/2026, 4:24:02 PM [32m    LOG[39m [38;5;3m[InstanceLoader] [39m[32mLeadModule dependencies initialized[39m[38;5;3m +0ms[39m
[32m[Nest] 607682  - [39m02/04/2026, 4:24:02 PM [32m    LOG[39m [38;5;3m[InstanceLoader] [39m[32mJwtModule dependencies initialized[39m[38;5;3m +0ms[39m
[32m[Nest] 607682  - [39m02/04/2026, 4:24:02 PM [32m    LOG[39m [38;5;3m[InstanceLoader] [39m[32mChatbotModule dependencies initialized[39m[38;5;3m +0ms[39m
[32m[Nest] 607682  - [39m02/04/2026, 4:24:02 PM [32m    LOG[39m [38;5;3m[InstanceLoader] [39m[32mAuthModule dependencies initialized[39m[38;5;3m +0ms[39m
[32m[Nest] 607682  - [39m02/04/2026, 4:24:02 PM [32m    LOG[39m [38;5;3m[RoutesResolver] [39m[32mAppController {/}:[39m[38;5;3m +7ms[39m
[32m[Nest] 607682  - [39m02/04/2026, 4:24:02 PM [32m    LOG[39m [38;5;3m[RouterExplorer] [39m[32mMapped {/, GET} route[39m[38;5;3m +1ms[39m
[32m[Nest] 607682  - [39m02/04/2026, 4:24:02 PM [32m    LOG[39m [38;5;3m[RoutesResolver] [39m[32mAuthController {/auth}:[39m[38;5;3m +0ms[39m
[32m[Nest] 607682  - [39m02/04/2026, 4:24:02 PM [32m    LOG[39m [38;5;3m[RouterExplorer] [39m[32mMapped {/auth/register, POST} route[39m[38;5;3m +1ms[39m
[32m[Nest] 607682  - [39m02/04/2026, 4:24:02 PM [32m    LOG[39m [38;5;3m[RouterExplorer] [39m[32mMapped {/auth/login, POST} route[39m[38;5;3m +0ms[39m
[32m[Nest] 607682  - [39m02/04/2026, 4:24:02 PM [32m    LOG[39m [38;5;3m[RouterExplorer] [39m[32mMapped {/auth/test, GET} route[39m[38;5;3m +0ms[39m
[32m[Nest] 607682  - [39m02/04/2026, 4:24:02 PM [32m    LOG[39m [38;5;3m[RouterExplorer] [39m[32mMapped {/auth/setup, POST} route[39m[38;5;3m +0ms[39m
[32m[Nest] 607682  - [39m02/04/2026, 4:24:02 PM [32m    LOG[39m [38;5;3m[RoutesResolver] [39m[32mPropertyController {/properties}:[39m[38;5;3m +0ms[39m
[32m[Nest] 607682  - [39m02/04/2026, 4:24:02 PM [32m    LOG[39m [38;5;3m[RouterExplorer] [39m[32mMapped {/properties, POST} route[39m[38;5;3m +1ms[39m
[32m[Nest] 607682  - [39m02/04/2026, 4:24:02 PM [32m    LOG[39m [38;5;3m[RouterExplorer] [39m[32mMapped {/properties, GET} route[39m[38;5;3m +0ms[39m
[32m[Nest] 607682  - [39m02/04/2026, 4:24:02 PM [32m    LOG[39m [38;5;3m[RouterExplorer] [39m[32mMapped {/properties/:id, GET} route[39m[38;5;3m +0ms[39m
[32m[Nest] 607682  - [39m02/04/2026, 4:24:02 PM [32m    LOG[39m [38;5;3m[RouterExplorer] [39m[32mMapped {/properties/:id, PATCH} route[39m[38;5;3m +0ms[39m
[32m[Nest] 607682  - [39m02/04/2026, 4:24:02 PM [32m    LOG[39m [38;5;3m[RouterExplorer] [39m[32mMapped {/properties/:id, DELETE} route[39m[38;5;3m +1ms[39m
[32m[Nest] 607682  - [39m02/04/2026, 4:24:02 PM [32m    LOG[39m [38;5;3m[RoutesResolver] [39m[32mLeadController {/leads}:[39m[38;5;3m +0ms[39m
[32m[Nest] 607682  - [39m02/04/2026, 4:24:02 PM [32m    LOG[39m [38;5;3m[RouterExplorer] [39m[32mMapped {/leads, POST} route[39m[38;5;3m +0ms[39m
[32m[Nest] 607682  - [39m02/04/2026, 4:24:02 PM [32m    LOG[39m [38;5;3m[RouterExplorer] [39m[32mMapped {/leads, GET} route[39m[38;5;3m +0ms[39m
[32m[Nest] 607682  - [39m02/04/2026, 4:24:02 PM [32m    LOG[39m [38;5;3m[RouterExplorer] [39m[32mMapped {/leads/:id, GET} route[39m[38;5;3m +0ms[39m
[32m[Nest] 607682  - [39m02/04/2026, 4:24:02 PM [32m    LOG[39m [38;5;3m[RouterExplorer] [39m[32mMapped {/leads/:id/status, PATCH} route[39m[38;5;3m +0ms[39m
[32m[Nest] 607682  - [39m02/04/2026, 4:24:02 PM [32m    LOG[39m [38;5;3m[RoutesResolver] [39m[32mChatbotController {/chatbot}:[39m[38;5;3m +0ms[39m
[32m[Nest] 607682  - [39m02/04/2026, 4:24:02 PM [32m    LOG[39m [38;5;3m[RouterExplorer] [39m[32mMapped {/chatbot/message, POST} route[39m[38;5;3m +0ms[39m
[32m[Nest] 607682  - [39m02/04/2026, 4:24:02 PM [32m    LOG[39m [38;5;3m[RouterExplorer] [39m[32mMapped {/chatbot/conversations, GET} route[39m[38;5;3m +0ms[39m
[32m[Nest] 607682  - [39m02/04/2026, 4:24:02 PM [32m    LOG[39m [38;5;3m[NestApplication] [39m[32mNest application successfully started[39m[38;5;3m +42ms[39m
Application is running on: http://[::1]:3001
[2J[3J[H[[90m4:24:35 PM[0m] File change detected. Starting incremental compilation...

[[90m4:24:35 PM[0m] Found 0 errors. Watching for file changes.

[32m[Nest] 609010  - [39m02/04/2026, 4:24:36 PM [32m    LOG[39m [38;5;3m[NestFactory] [39m[32mStarting Nest application...[39m
[32m[Nest] 609010  - [39m02/04/2026, 4:24:36 PM [32m    LOG[39m [38;5;3m[InstanceLoader] [39m[32mCommonModule dependencies initialized[39m[38;5;3m +8ms[39m
[32m[Nest] 609010  - [39m02/04/2026, 4:24:36 PM [32m    LOG[39m [38;5;3m[InstanceLoader] [39m[32mPassportModule dependencies initialized[39m[38;5;3m +0ms[39m
[32m[Nest] 609010  - [39m02/04/2026, 4:24:36 PM [32m    LOG[39m [38;5;3m[InstanceLoader] [39m[32mConfigHostModule dependencies initialized[39m[38;5;3m +0ms[39m
[32m[Nest] 609010  - [39m02/04/2026, 4:24:36 PM [32m    LOG[39m [38;5;3m[InstanceLoader] [39m[32mAppModule dependencies initialized[39m[38;5;3m +1ms[39m
[32m[Nest] 609010  - [39m02/04/2026, 4:24:36 PM [32m    LOG[39m [38;5;3m[InstanceLoader] [39m[32mConfigModule dependencies initialized[39m[38;5;3m +0ms[39m
[32m[Nest] 609010  - [39m02/04/2026, 4:24:36 PM [32m    LOG[39m [38;5;3m[InstanceLoader] [39m[32mConfigModule dependencies initialized[39m[38;5;3m +0ms[39m
[32m[Nest] 609010  - [39m02/04/2026, 4:24:36 PM [32m    LOG[39m [38;5;3m[InstanceLoader] [39m[32mPropertyModule dependencies initialized[39m[38;5;3m +0ms[39m
[32m[Nest] 609010  - [39m02/04/2026, 4:24:36 PM [32m    LOG[39m [38;5;3m[InstanceLoader] [39m[32mLeadModule dependencies initialized[39m[38;5;3m +0ms[39m
[32m[Nest] 609010  - [39m02/04/2026, 4:24:36 PM [32m    LOG[39m [38;5;3m[InstanceLoader] [39m[32mJwtModule dependencies initialized[39m[38;5;3m +0ms[39m
[32m[Nest] 609010  - [39m02/04/2026, 4:24:36 PM [32m    LOG[39m [38;5;3m[InstanceLoader] [39m[32mChatbotModule dependencies initialized[39m[38;5;3m +0ms[39m
[32m[Nest] 609010  - [39m02/04/2026, 4:24:36 PM [32m    LOG[39m [38;5;3m[InstanceLoader] [39m[32mAuthModule dependencies initialized[39m[38;5;3m +1ms[39m
[32m[Nest] 609010  - [39m02/04/2026, 4:24:36 PM [32m    LOG[39m [38;5;3m[RoutesResolver] [39m[32mAppController {/}:[39m[38;5;3m +6ms[39m
[32m[Nest] 609010  - [39m02/04/2026, 4:24:36 PM [32m    LOG[39m [38;5;3m[RouterExplorer] [39m[32mMapped {/, GET} route[39m[38;5;3m +2ms[39m
[32m[Nest] 609010  - [39m02/04/2026, 4:24:36 PM [32m    LOG[39m [38;5;3m[RoutesResolver] [39m[32mAuthController {/auth}:[39m[38;5;3m +0ms[39m
[32m[Nest] 609010  - [39m02/04/2026, 4:24:36 PM [32m    LOG[39m [38;5;3m[RouterExplorer] [39m[32mMapped {/auth/register, POST} route[39m[38;5;3m +0ms[39m
[32m[Nest] 609010  - [39m02/04/2026, 4:24:36 PM [32m    LOG[39m [38;5;3m[RouterExplorer] [39m[32mMapped {/auth/login, POST} route[39m[38;5;3m +0ms[39m
[32m[Nest] 609010  - [39m02/04/2026, 4:24:36 PM [32m    LOG[39m [38;5;3m[RoutesResolver] [39m[32mPropertyController {/properties}:[39m[38;5;3m +1ms[39m
[32m[Nest] 609010  - [39m02/04/2026, 4:24:36 PM [32m    LOG[39m [38;5;3m[RouterExplorer] [39m[32mMapped {/properties, POST} route[39m[38;5;3m +0ms[39m
[32m[Nest] 609010  - [39m02/04/2026, 4:24:36 PM [32m    LOG[39m [38;5;3m[RouterExplorer] [39m[32mMapped {/properties, GET} route[39m[38;5;3m +0ms[39m
[32m[Nest] 609010  - [39m02/04/2026, 4:24:36 PM [32m    LOG[39m [38;5;3m[RouterExplorer] [39m[32mMapped {/properties/:id, GET} route[39m[38;5;3m +0ms[39m
[32m[Nest] 609010  - [39m02/04/2026, 4:24:36 PM [32m    LOG[39m [38;5;3m[RouterExplorer] [39m[32mMapped {/properties/:id, PATCH} route[39m[38;5;3m +0ms[39m
[32m[Nest] 609010  - [39m02/04/2026, 4:24:36 PM [32m    LOG[39m [38;5;3m[RouterExplorer] [39m[32mMapped {/properties/:id, DELETE} route[39m[38;5;3m +0ms[39m
[32m[Nest] 609010  - [39m02/04/2026, 4:24:36 PM [32m    LOG[39m [38;5;3m[RoutesResolver] [39m[32mLeadController {/leads}:[39m[38;5;3m +1ms[39m
[32m[Nest] 609010  - [39m02/04/2026, 4:24:36 PM [32m    LOG[39m [38;5;3m[RouterExplorer] [39m[32mMapped {/leads, POST} route[39m[38;5;3m +0ms[39m
[32m[Nest] 609010  - [39m02/04/2026, 4:24:36 PM [32m    LOG[39m [38;5;3m[RouterExplorer] [39m[32mMapped {/leads, GET} route[39m[38;5;3m +0ms[39m
[32m[Nest] 609010  - [39m02/04/2026, 4:24:36 PM [32m    LOG[39m [38;5;3m[RouterExplorer] [39m[32mMapped {/leads/:id, GET} route[39m[38;5;3m +0ms[39m
[32m[Nest] 609010  - [39m02/04/2026, 4:24:36 PM [32m    LOG[39m [38;5;3m[RouterExplorer] [39m[32mMapped {/leads/:id/status, PATCH} route[39m[38;5;3m +0ms[39m
[32m[Nest] 609010  - [39m02/04/2026, 4:24:36 PM [32m    LOG[39m [38;5;3m[RoutesResolver] [39m[32mChatbotController {/chatbot}:[39m[38;5;3m +0ms[39m
[32m[Nest] 609010  - [39m02/04/2026, 4:24:36 PM [32m    LOG[39m [38;5;3m[RouterExplorer] [39m[32mMapped {/chatbot/message, POST} route[39m[38;5;3m +0ms[39m
[32m[Nest] 609010  - [39m02/04/2026, 4:24:36 PM [32m    LOG[39m [38;5;3m[RouterExplorer] [39m[32mMapped {/chatbot/conversations, GET} route[39m[38;5;3m +0ms[39m
[32m[Nest] 609010  - [39m02/04/2026, 4:24:36 PM [32m    LOG[39m [38;5;3m[NestApplication] [39m[32mNest application successfully started[39m[38;5;3m +64ms[39m
[31m[Nest] 609010  - [39m02/04/2026, 4:24:36 PM [31m  ERROR[39m [38;5;3m[NestApplication] [39m[31mError: listen EADDRINUSE: address already in use :::3001[39m[38;5;3m +3ms[39m
node:net:1940
    const ex = new UVExceptionWithHostPort(err, 'listen', address, port);
               ^

Error: listen EADDRINUSE: address already in use :::3001
    at Server.setupListenHandle [as _listen2] (node:net:1940:16)
    at listenInCluster (node:net:1997:12)
    at Server.listen (node:net:2102:7)
    at ExpressAdapter.listen (/home/atif/square21/backend/node_modules/@nestjs/platform-express/adapters/express-adapter.js:127:32)
    at /home/atif/square21/backend/node_modules/@nestjs/core/nest-application.js:188:30
    at new Promise (<anonymous>)
    at NestApplication.listen (/home/atif/square21/backend/node_modules/@nestjs/core/nest-application.js:178:16)
    at async bootstrap (/home/atif/square21/backend/src/main.ts:16:3) {
  code: 'EADDRINUSE',
  errno: -98,
  syscall: 'listen',
  address: '::',
  port: 3001
}

Node.js v25.3.0
[2J[3J[H[[90m4:24:47 PM[0m] File change detected. Starting incremental compilation...

[[90m4:24:47 PM[0m] Found 0 errors. Watching for file changes.

[32m[Nest] 609429  - [39m02/04/2026, 4:24:48 PM [32m    LOG[39m [38;5;3m[NestFactory] [39m[32mStarting Nest application...[39m
[32m[Nest] 609429  - [39m02/04/2026, 4:24:48 PM [32m    LOG[39m [38;5;3m[InstanceLoader] [39m[32mCommonModule dependencies initialized[39m[38;5;3m +7ms[39m
[32m[Nest] 609429  - [39m02/04/2026, 4:24:48 PM [32m    LOG[39m [38;5;3m[InstanceLoader] [39m[32mPassportModule dependencies initialized[39m[38;5;3m +0ms[39m
[32m[Nest] 609429  - [39m02/04/2026, 4:24:48 PM [32m    LOG[39m [38;5;3m[InstanceLoader] [39m[32mConfigHostModule dependencies initialized[39m[38;5;3m +0ms[39m
[32m[Nest] 609429  - [39m02/04/2026, 4:24:48 PM [32m    LOG[39m [38;5;3m[InstanceLoader] [39m[32mAppModule dependencies initialized[39m[38;5;3m +1ms[39m
[32m[Nest] 609429  - [39m02/04/2026, 4:24:48 PM [32m    LOG[39m [38;5;3m[InstanceLoader] [39m[32mConfigModule dependencies initialized[39m[38;5;3m +0ms[39m
[32m[Nest] 609429  - [39m02/04/2026, 4:24:48 PM [32m    LOG[39m [38;5;3m[InstanceLoader] [39m[32mConfigModule dependencies initialized[39m[38;5;3m +1ms[39m
[32m[Nest] 609429  - [39m02/04/2026, 4:24:48 PM [32m    LOG[39m [38;5;3m[InstanceLoader] [39m[32mLeadModule dependencies initialized[39m[38;5;3m +0ms[39m
[32m[Nest] 609429  - [39m02/04/2026, 4:24:48 PM [32m    LOG[39m [38;5;3m[InstanceLoader] [39m[32mJwtModule dependencies initialized[39m[38;5;3m +0ms[39m
[32m[Nest] 609429  - [39m02/04/2026, 4:24:48 PM [32m    LOG[39m [38;5;3m[InstanceLoader] [39m[32mChatbotModule dependencies initialized[39m[38;5;3m +0ms[39m
[32m[Nest] 609429  - [39m02/04/2026, 4:24:48 PM [32m    LOG[39m [38;5;3m[InstanceLoader] [39m[32mPropertyModule dependencies initialized[39m[38;5;3m +0ms[39m
[32m[Nest] 609429  - [39m02/04/2026, 4:24:48 PM [32m    LOG[39m [38;5;3m[InstanceLoader] [39m[32mAuthModule dependencies initialized[39m[38;5;3m +0ms[39m
[32m[Nest] 609429  - [39m02/04/2026, 4:24:48 PM [32m    LOG[39m [38;5;3m[RoutesResolver] [39m[32mAppController {/}:[39m[38;5;3m +6ms[39m
[32m[Nest] 609429  - [39m02/04/2026, 4:24:48 PM [32m    LOG[39m [38;5;3m[RouterExplorer] [39m[32mMapped {/, GET} route[39m[38;5;3m +2ms[39m
[32m[Nest] 609429  - [39m02/04/2026, 4:24:48 PM [32m    LOG[39m [38;5;3m[RoutesResolver] [39m[32mAuthController {/auth}:[39m[38;5;3m +0ms[39m
[32m[Nest] 609429  - [39m02/04/2026, 4:24:48 PM [32m    LOG[39m [38;5;3m[RouterExplorer] [39m[32mMapped {/auth/register, POST} route[39m[38;5;3m +0ms[39m
[32m[Nest] 609429  - [39m02/04/2026, 4:24:48 PM [32m    LOG[39m [38;5;3m[RouterExplorer] [39m[32mMapped {/auth/login, POST} route[39m[38;5;3m +1ms[39m
[32m[Nest] 609429  - [39m02/04/2026, 4:24:48 PM [32m    LOG[39m [38;5;3m[RoutesResolver] [39m[32mPropertyController {/properties}:[39m[38;5;3m +0ms[39m
[32m[Nest] 609429  - [39m02/04/2026, 4:24:48 PM [32m    LOG[39m [38;5;3m[RouterExplorer] [39m[32mMapped {/properties, POST} route[39m[38;5;3m +0ms[39m
[32m[Nest] 609429  - [39m02/04/2026, 4:24:48 PM [32m    LOG[39m [38;5;3m[RouterExplorer] [39m[32mMapped {/properties, GET} route[39m[38;5;3m +0ms[39m
[32m[Nest] 609429  - [39m02/04/2026, 4:24:48 PM [32m    LOG[39m [38;5;3m[RouterExplorer] [39m[32mMapped {/properties/:id, GET} route[39m[38;5;3m +0ms[39m
[32m[Nest] 609429  - [39m02/04/2026, 4:24:48 PM [32m    LOG[39m [38;5;3m[RouterExplorer] [39m[32mMapped {/properties/:id, PATCH} route[39m[38;5;3m +1ms[39m
[32m[Nest] 609429  - [39m02/04/2026, 4:24:48 PM [32m    LOG[39m [38;5;3m[RouterExplorer] [39m[32mMapped {/properties/:id, DELETE} route[39m[38;5;3m +0ms[39m
[32m[Nest] 609429  - [39m02/04/2026, 4:24:48 PM [32m    LOG[39m [38;5;3m[RoutesResolver] [39m[32mLeadController {/leads}:[39m[38;5;3m +0ms[39m
[32m[Nest] 609429  - [39m02/04/2026, 4:24:48 PM [32m    LOG[39m [38;5;3m[RouterExplorer] [39m[32mMapped {/leads, POST} route[39m[38;5;3m +0ms[39m
[32m[Nest] 609429  - [39m02/04/2026, 4:24:48 PM [32m    LOG[39m [38;5;3m[RouterExplorer] [39m[32mMapped {/leads, GET} route[39m[38;5;3m +0ms[39m
[32m[Nest] 609429  - [39m02/04/2026, 4:24:48 PM [32m    LOG[39m [38;5;3m[RouterExplorer] [39m[32mMapped {/leads/:id, GET} route[39m[38;5;3m +0ms[39m
[32m[Nest] 609429  - [39m02/04/2026, 4:24:48 PM [32m    LOG[39m [38;5;3m[RouterExplorer] [39m[32mMapped {/leads/:id/status, PATCH} route[39m[38;5;3m +0ms[39m
[32m[Nest] 609429  - [39m02/04/2026, 4:24:48 PM [32m    LOG[39m [38;5;3m[RoutesResolver] [39m[32mChatbotController {/chatbot}:[39m[38;5;3m +0ms[39m
[32m[Nest] 609429  - [39m02/04/2026, 4:24:48 PM [32m    LOG[39m [38;5;3m[RouterExplorer] [39m[32mMapped {/chatbot/message, POST} route[39m[38;5;3m +0ms[39m
[32m[Nest] 609429  - [39m02/04/2026, 4:24:48 PM [32m    LOG[39m [38;5;3m[RouterExplorer] [39m[32mMapped {/chatbot/conversations, GET} route[39m[38;5;3m +0ms[39m
[32m[Nest] 609429  - [39m02/04/2026, 4:24:48 PM [32m    LOG[39m [38;5;3m[NestApplication] [39m[32mNest application successfully started[39m[38;5;3m +46ms[39m
[31m[Nest] 609429  - [39m02/04/2026, 4:24:4[2J[3J[H[[90m4:24:57 PM[0m] File change detected. Starting incremental compilation...

[[90m4:24:57 PM[0m] Found 0 errors. Watching for file changes.

[32m[Nest] 609814  - [39m02/04/2026, 4:24:57 PM [32m    LOG[39m [38;5;3m[NestFactory] [39m[32mStarting Nest application...[39m
[32m[Nest] 609814  - [39m02/04/2026, 4:24:57 PM [32m    LOG[39m [38;5;3m[InstanceLoader] [39m[32mCommonModule dependencies initialized[39m[38;5;3m +8ms[39m
[32m[Nest] 609814  - [39m02/04/2026, 4:24:57 PM [32m    LOG[39m [38;5;3m[InstanceLoader] [39m[32mPassportModule dependencies initialized[39m[38;5;3m +0ms[39m
[32m[Nest] 609814  - [39m02/04/2026, 4:24:57 PM [32m    LOG[39m [38;5;3m[InstanceLoader] [39m[32mConfigHostModule dependencies initialized[39m[38;5;3m +0ms[39m
[32m[Nest] 609814  - [39m02/04/2026, 4:24:57 PM [32m    LOG[39m [38;5;3m[InstanceLoader] [39m[32mAppModule dependencies initialized[39m[38;5;3m +1ms[39m
[32m[Nest] 609814  - [39m02/04/2026, 4:24:57 PM [32m    LOG[39m [38;5;3m[InstanceLoader] [39m[32mConfigModule dependencies initialized[39m[38;5;3m +0ms[39m
[32m[Nest] 609814  - [39m02/04/2026, 4:24:57 PM [32m    LOG[39m [38;5;3m[InstanceLoader] [39m[32mConfigModule dependencies initialized[39m[38;5;3m +0ms[39m
[32m[Nest] 609814  - [39m02/04/2026, 4:24:57 PM [32m    LOG[39m [38;5;3m[InstanceLoader] [39m[32mLeadModule dependencies initialized[39m[38;5;3m +0ms[39m
[32m[Nest] 609814  - [39m02/04/2026, 4:24:57 PM [32m    LOG[39m [38;5;3m[InstanceLoader] [39m[32mJwtModule dependencies initialized[39m[38;5;3m +0ms[39m
[32m[Nest] 609814  - [39m02/04/2026, 4:24:57 PM [32m    LOG[39m [38;5;3m[InstanceLoader] [39m[32mChatbotModule dependencies initialized[39m[38;5;3m +0ms[39m
[32m[Nest] 609814  - [39m02/04/2026, 4:24:57 PM [32m    LOG[39m [38;5;3m[InstanceLoader] [39m[32mPropertyModule dependencies initialized[39m[38;5;3m +0ms[39m
[32m[Nest] 609814  - [39m02/04/2026, 4:24:57 PM [32m    LOG[39m [38;5;3m[InstanceLoader] [39m[32mAuthModule dependencies initialized[39m[38;5;3m +0ms[39m
[32m[Nest] 609814  - [39m02/04/2026, 4:24:57 PM [32m    LOG[39m [38;5;3m[RoutesResolver] [39m[32mAppController {/}:[39m[38;5;3m +7ms[39m
[32m[Nest] 609814  - [39m02/04/2026, 4:24:57 PM [32m    LOG[39m [38;5;3m[RouterExplorer] [39m[32mMapped {/, GET} route[39m[38;5;3m +2ms[39m
[32m[Nest] 609814  - [39m02/04/2026, 4:24:57 PM [32m    LOG[39m [38;5;3m[RoutesResolver] [39m[32mAuthController {/auth}:[39m[38;5;3m +0ms[39m
[32m[Nest] 609814  - [39m02/04/2026, 4:24:57 PM [32m    LOG[39m [38;5;3m[RouterExplorer] [39m[32mMapped {/auth/register, POST} route[39m[38;5;3m +0ms[39m
[32m[Nest] 609814  - [39m02/04/2026, 4:24:57 PM [32m    LOG[39m [38;5;3m[RouterExplorer] [39m[32mMapped {/auth/login, POST} route[39m[38;5;3m +1ms[39m
[32m[Nest] 609814  - [39m02/04/2026, 4:24:57 PM [32m    LOG[39m [38;5;3m[RoutesResolver] [39m[32mPropertyController {/properties}:[39m[38;5;3m +0ms[39m
[32m[Nest] 609814  - [39m02/04/2026, 4:24:57 PM [32m    LOG[39m [38;5;3m[RouterExplorer] [39m[32mMapped {/properties, POST} route[39m[38;5;3m +0ms[39m
[32m[Nest] 609814  - [39m02/04/2026, 4:24:57 PM [32m    LOG[39m [38;5;3m[RouterExplorer] [39m[32mMapped {/properties, GET} route[39m[38;5;3m +0ms[39m
[32m[Nest] 609814  - [39m02/04/2026, 4:24:57 PM [32m    LOG[39m [38;5;3m[RouterExplorer] [39m[32mMapped {/properties/:id, GET} route[39m[38;5;3m +0ms[39m
[32m[Nest] 609814  - [39m02/04/2026, 4:24:57 PM [32m    LOG[39m [38;5;3m[RouterExplorer] [39m[32mMapped {/properties/:id, PATCH} route[39m[38;5;3m +1ms[39m
[32m[Nest] 609814  - [39m02/04/2026, 4:24:57 PM [32m    LOG[39m [38;5;3m[RouterExplorer] [39m[32mMapped {/properties/:id, DELETE} route[39m[38;5;3m +0ms[39m
[32m[Nest] 609814  - [39m02/04/2026, 4:24:57 PM [32m    LOG[39m [38;5;3m[RoutesResolver] [39m[32mLeadController {/leads}:[39m[38;5;3m +0ms[39m
[32m[Nest] 609814  - [39m02/04/2026, 4:24:57 PM [32m    LOG[39m [38;5;3m[RouterExplorer] [39m[32mMapped {/leads, POST} route[39m[38;5;3m +0ms[39m
[32m[Nest] 609814  - [39m02/04/2026, 4:24:57 PM [32m    LOG[39m [38;5;3m[RouterExplorer] [39m[32mMapped {/leads, GET} route[39m[38;5;3m +0ms[39m
[32m[Nest] 609814  - [39m02/04/2026, 4:24:57 PM [32m    LOG[39m [38;5;3m[RouterExplorer] [39m[32mMapped {/leads/:id, GET} route[39m[38;5;3m +0ms[39m
[32m[Nest] 609814  - [39m02/04/2026, 4:24:57 PM [32m    LOG[39m [38;5;3m[RouterExplorer] [39m[32mMapped {/leads/:id/status, PATCH} route[39m[38;5;3m +0ms[39m
[32m[Nest] 609814  - [39m02/04/2026, 4:24:57 PM [32m    LOG[39m [38;5;3m[RoutesResolver] [39m[32mChatbotController {/chatbot}:[39m[38;5;3m +0ms[39m
[32m[Nest] 609814  - [39m02/04/2026, 4:24:57 PM [32m    LOG[39m [38;5;3m[RouterExplorer] [39m[32mMapped {/chatbot/message, POST} route[39m[38;5;3m +0ms[39m
[32m[Nest] 609814  - [39m02/04/2026, 4:24:57 PM [32m    LOG[39m [38;5;3m[RouterExplorer] [39m[32mMapped {/chatbot/conversations, GET} route[39m[38;5;3m +0ms[39m
[32m[Nest] 609814  - [39m02/04/2026, 4:24:57 PM [32m    LOG[39m [38;5;3m[NestApplication] [39m[32mNest application successfully started[39m[38;5;3m +41ms[39m
[31m[Nest] 609814  - [39m02/04/2026, 4:24:57 PM [31m  ERROR[39m [38;5;3m[NestApplication] [39m[31mError: listen EADDRINUSE: address already in use :::3001[39m[38;5;3m +2ms[39m
node:net:1940
    const ex = new UVExceptionWithHostPort(err, 'listen', address, port);
               ^

Error: listen EADDRINUSE: address already in use :::3001
    at Server.setupListenHandle [as _listen2] (node:net:1940:16)
    at listenInCluster (node:net:1997:12)
    at Server.listen (node:net:2102:7)
    at ExpressAdapter.listen (/home/atif/square21/backend/node_modules/@nestjs/platform-express/adapters/express-adapter.js:127:32)
    at /home/atif/square21/backend/node_modules/@nestjs/core/nest-application.js:188:30
    at new Promise (<anonymous>)
    at NestApplication.listen (/home/atif/square21/backend/node_modules/@nestjs/core/nest-application.js:178:16)
    at async bootstrap (/home/atif/square21/backend/src/main.ts:16:3) {
  code: 'EADDRINUSE',
  errno: -98,
  syscall: 'listen',
  address: '::',
  port: 3001
}

Node.js v25.3.0
[2J[3J[H[[90m4:25:05 PM[0m] File change detected. Starting incremental compilation...

[[90m4:25:05 PM[0m] Found 0 errors. Watching for file changes.

[32m[Nest] 610083  - [39m02/04/2026, 4:25:05 PM [32m    LOG[39m [38;5;3m[NestFactory] [39m[32mStarting Nest application...[39m
[32m[Nest] 610083  - [39m02/04/2026, 4:25:05 PM [32m    LOG[39m [38;5;3m[InstanceLoader] [39m[32mCommonModule dependencies initialized[39m[38;5;3m +8ms[39m
[32m[Nest] 610083  - [39m02/04/2026, 4:25:05 PM [32m    LOG[39m [38;5;3m[InstanceLoader] [39m[32mPassportModule dependencies initialized[39m[38;5;3m +0ms[39m
[32m[Nest] 610083  - [39m02/04/2026, 4:25:05 PM [32m    LOG[39m [38;5;3m[InstanceLoader] [39m[32mConfigHostModule dependencies initialized[39m[38;5;3m +1ms[39m
[32m[Nest] 610083  - [39m02/04/2026, 4:25:05 PM [32m    LOG[39m [38;5;3m[InstanceLoader] [39m[32mAppModule dependencies initialized[39m[38;5;3m +1ms[39m
[32m[Nest] 610083  - [39m02/04/2026, 4:25:05 PM [32m    LOG[39m [38;5;3m[InstanceLoader] [39m[32mConfigModule dependencies initialized[39m[38;5;3m +0ms[39m
[32m[Nest] 610083  - [39m02/04/2026, 4:25:05 PM [32m    LOG[39m [38;5;3m[InstanceLoader] [39m[32mConfigModule dependencies initialized[39m[38;5;3m +0ms[39m
[32m[Nest] 610083  - [39m02/04/2026, 4:25:05 PM [32m    LOG[39m [38;5;3m[InstanceLoader] [39m[32mJwtModule dependencies initialized[39m[38;5;3m +1ms[39m
[32m[Nest] 610083  - [39m02/04/2026, 4:25:05 PM [32m    LOG[39m [38;5;3m[InstanceLoader] [39m[32mChatbotModule dependencies initialized[39m[38;5;3m +0ms[39m
[32m[Nest] 610083  - [39m02/04/2026, 4:25:05 PM [32m    LOG[39m [38;5;3m[InstanceLoader] [39m[32mPropertyModule dependencies initialized[39m[38;5;3m +0ms[39m
[32m[Nest] 610083  - [39m02/04/2026, 4:25:05 PM [32m    LOG[39m [38;5;3m[InstanceLoader] [39m[32mLeadModule dependencies initialized[39m[38;5;3m +0ms[39m
[32m[Nest] 610083  - [39m02/04/2026, 4:25:05 PM [32m    LOG[39m [38;5;3m[InstanceLoader] [39m[32mAuthModule dependencies initialized[39m[38;5;3m +0ms[39m
[32m[Nest] 610083  - [39m02/04/2026, 4:25:05 PM [32m    LOG[39m [38;5;3m[RoutesResolver] [39m[32mAppController {/}:[39m[38;5;3m +7ms[39m
[32m[Nest] 610083  - [39m02/04/2026, 4:25:05 PM [32m    LOG[39m [38;5;3m[RouterExplorer] [39m[32mMapped {/, GET} route[39m[38;5;3m +1ms[39m
[32m[Nest] 610083  - [39m02/04/2026, 4:25:05 PM [32m    LOG[39m [38;5;3m[RoutesResolver] [39m[32mAuthController {/auth}:[39m[38;5;3m +1ms[39m
[32m[Nest] 610083  - [39m02/04/2026, 4:25:05 PM [32m    LOG[39m [38;5;3m[RouterExplorer] [39m[32mMapped {/auth/register, POST} route[39m[38;5;3m +0ms[39m
[32m[Nest] 610083  - [39m02/04/2026, 4:25:05 PM [32m    LOG[39m [38;5;3m[RouterExplorer] [39m[32mMapped {/auth/login, POST} route[39m[38;5;3m +0ms[39m
[32m[Nest] 610083  - [39m02/04/2026, 4:25:05 PM [32m    LOG[39m [38;5;3m[RoutesResolver] [39m[32mPropertyController {/properties}:[39m[38;5;3m +0ms[39m
[32m[Nest] 610083  - [39m02/04/2026, 4:25:05 PM [32m    LOG[39m [38;5;3m[RouterExplorer] [39m[32mMapped {/properties, POST} route[39m[38;5;3m +1ms[39m
[32m[Nest] 610083  - [39m02/04/2026, 4:25:05 PM [32m    LOG[39m [38;5;3m[RouterExplorer] [39m[32mMapped {/properties, GET} route[39m[38;5;3m +0ms[39m
[32m[Nest] 610083  - [39m02/04/2026, 4:25:05 PM [32m    LOG[39m [38;5;3m[RouterExplorer] [39m[32mMapped {/properties/:id, GET} route[39m[38;5;3m +0ms[39m
[32m[Nest] 610083  - [39m02/04/2026, 4:25:05 PM [32m    LOG[39m [38;5;3m[RouterExplorer] [39m[32mMapped {/properties/:id, PATCH} route[39m[38;5;3m +0ms[39m
[32m[Nest] 610083  - [39m02/04/2026, 4:25:05 PM [32m    LOG[39m [38;5;3m[RouterExplorer] [39m[32mMapped {/properties/:id, DELETE} route[39m[38;5;3m +1ms[39m
[32m[Nest] 610083  - [39m02/04/2026, 4:25:05 PM [32m    LOG[39m [38;5;3m[RoutesResolver] [39m[32mLeadController {/leads}:[39m[38;5;3m +0ms[39m
[32m[Nest] 610083  - [39m02/04/2026, 4:25:05 PM [32m    LOG[39m [38;5;3m[RouterExplorer] [39m[32mMapped {/leads, POST} route[39m[38;5;3m +0ms[39m
[32m[Nest] 610083  - [39m02/04/2026, 4:25:05 PM [32m    LOG[39m [38;5;3m[RouterExplorer] [39m[32mMapped {/leads, GET} route[39m[38;5;3m +0ms[39m
[32m[Nest] 610083  - [39m02/04/2026, 4:25:05 PM [32m    LOG[39m [38;5;3m[RouterExplorer] [39m[32mMapped {/leads/:id, GET} route[39m[38;5;3m +1ms[39m
[32m[Nest] 610083  - [39m02/04/2026, 4:25:05 PM [32m    LOG[39m [38;5;3m[RouterExplorer] [39m[32mMapped {/leads/:id/status, PATCH} route[39m[38;5;3m +0ms[39m
[32m[Nest] 610083  - [39m02/04/2026, 4:25:05 PM [32m    LOG[39m [38;5;3m[RoutesResolver] [39m[32mChatbotController {/chatbot}:[39m[38;5;3m +0ms[39m
[32m[Nest] 610083  - [39m02/04/2026, 4:25:05 PM [32m    LOG[39m [38;5;3m[RouterExplorer] [39m[32mMapped {/chatbot/message, POST} route[39m[38;5;3m +0ms[39m
[32m[Nest] 610083  - [39m02/04/2026, 4:25:05 PM [32m    LOG[39m [38;5;3m[RouterExplorer] [39m[32mMapped {/chatbot/conversations, GET} route[39m[38;5;3m +0ms[39m
[32m[Nest] 610083  - [39m02/04/2026, 4:25:05 PM [32m    LOG[39m [38;5;3m[NestApplication] [39m[32mNest application successfully started[39m[38;5;3m +56ms[39m
[31m[Nest] 610083  - [39m02/04/2026, 4:25:0[2J[3J[H[[90m4:25:18 PM[0m] File change detected. Starting incremental compilation...

[[90m4:25:18 PM[0m] Found 0 errors. Watching for file changes.

[32m[Nest] 610562  - [39m02/04/2026, 4:25:19 PM [32m    LOG[39m [38;5;3m[NestFactory] [39m[32mStarting Nest application...[39m
[32m[Nest] 610562  - [39m02/04/2026, 4:25:19 PM [32m    LOG[39m [38;5;3m[InstanceLoader] [39m[32mCommonModule dependencies initialized[39m[38;5;3m +8ms[39m
[32m[Nest] 610562  - [39m02/04/2026, 4:25:19 PM [32m    LOG[39m [38;5;3m[InstanceLoader] [39m[32mPassportModule dependencies initialized[39m[38;5;3m +1ms[39m
[32m[Nest] 610562  - [39m02/04/2026, 4:25:19 PM [32m    LOG[39m [38;5;3m[InstanceLoader] [39m[32mConfigHostModule dependencies initialized[39m[38;5;3m +0ms[39m
[32m[Nest] 610562  - [39m02/04/2026, 4:25:19 PM [32m    LOG[39m [38;5;3m[InstanceLoader] [39m[32mAppModule dependencies initialized[39m[38;5;3m +1ms[39m
[32m[Nest] 610562  - [39m02/04/2026, 4:25:19 PM [32m    LOG[39m [38;5;3m[InstanceLoader] [39m[32mConfigModule dependencies initialized[39m[38;5;3m +0ms[39m
[32m[Nest] 610562  - [39[32m[Nest] 610569  - [39m02/04/2026, 4:25:19 PM [32m    LOG[39m [38;5;3m[NestFactory] [39m[32mStarting Nest application...[39m
[32m[Nest] 610569  - [39m02/04/2026, 4:25:19 PM [32m    LOG[39m [38;5;3m[InstanceLoader] [39m[32mCommonModule dependencies initialized[39m[38;5;3m +8ms[39m
[32m[Nest] 610569  - [39m02/04/2026, 4:25:19 PM [32m    LOG[39m [38;5;3m[InstanceLoader] [39m[32mPassportModule dependencies initialized[39m[38;5;3m +0ms[39m
[32m[Nest] 610569  - [39m02/04/2026, 4:25:19 PM [32m    LOG[39m [38;5;3m[InstanceLoader] [39m[32mConfigHostModule dependencies initialized[39m[38;5;3m +1ms[39m
[32m[Nest] 610569  - [39m02/04/2026, 4:25:19 PM [32m    LOG[39m [38;5;3m[InstanceLoader] [39m[32mAppModule dependencies initialized[39m[38;5;3m +1ms[39m
[32m[Nest] 610569  - [39m02/04/2026, 4:25:19 PM [32m    LOG[39m [38;5;3m[InstanceLoader] [39m[32mConfigModule dependencies initialized[39m[38;5;3m +0ms[39m
[32m[Nest] 610569  - [39m02/04/2026, 4:25:19 PM [32m    LOG[39m [38;5;3m[InstanceLoader] [39m[32mConfigModule dependencies initialized[39m[38;5;3m +0ms[39m
[32m[Nest] 610569  - [39m02/04/2026, 4:25:19 PM [32m    LOG[39m [38;5;3m[InstanceLoader] [39m[32mJwtModule dependencies initialized[39m[38;5;3m +0ms[39m
[32m[Nest] 610569  - [39m02/04/2026, 4:25:19 PM [32m    LOG[39m [38;5;3m[InstanceLoader] [39m[32mChatbotModule dependencies initialized[39m[38;5;3m +0ms[39m
[32m[Nest] 610569  - [39m02/04/2026, 4:25:19 PM [32m    LOG[39m [38;5;3m[InstanceLoader] [39m[32mPropertyModule dependencies initialized[39m[38;5;3m +0ms[39m
[32m[Nest] 610569  - [39m02/04/2026, 4:25:19 PM [32m    LOG[39m [38;5;3m[InstanceLoader] [39m[32mLeadModule dependencies initialized[39m[38;5;3m +0ms[39m
[32m[Nest] 610569  - [39m02/04/2026, 4:25:19 PM [32m    LOG[39m [38;5;3m[InstanceLoader] [39m[32mAuthModule dependencies initialized[39m[38;5;3m +1ms[39m
[32m[Nest] 610569  - [39m02/04/2026, 4:25:19 PM [32m    LOG[39m [38;5;3m[RoutesResolver] [39m[32mAppController {/}:[39m[38;5;3m +6ms[39m
[32m[Nest] 610569  - [39m02/04/2026, 4:25:19 PM [32m    LOG[39m [38;5;3m[RouterExplorer] [39m[32mMapped {/, GET} route[39m[38;5;3m +2ms[39m
[32m[Nest] 610569  - [39m02/04/2026, 4:25:19 PM [32m    LOG[39m [38;5;3m[RoutesResolver] [39m[32mAuthController {/auth}:[39m[38;5;3m +0ms[39m
[32m[Nest] 610569  - [39m02/04/2026, 4:25:19 PM [32m    LOG[39m [38;5;3m[RouterExplorer] [39m[32mMapped {/auth/register, POST} route[39m[38;5;3m +1ms[39m
[32m[Nest] 610569  - [39m02/04/2026, 4:25:19 PM [32m    LOG[39m [38;5;3m[RouterExplorer] [39m[32mMapped {/auth/login, POST} route[39m[38;5;3m +0ms[39m
[32m[Nest] 610569  - [39m02/04/2026, 4:25:19 PM [32m    LOG[39m [38;5;3m[RoutesResolver] [39m[32mPropertyController {/properties}:[39m[38;5;3m +0ms[39m
[32m[Nest] 610569  - [39m02/04/2026, 4:25:19 PM [32m    LOG[39m [38;5;3m[RouterExplorer] [39m[32mMapped {/properties, POST} route[39m[38;5;3m +0ms[39m
[32m[Nest] 610569  - [39m02/04/2026, 4:25:19 PM [32m    LOG[39m [38;5;3m[RouterExplorer] [39m[32mMapped {/properties, GET} route[39m[38;5;3m +0ms[39m
[32m[Nest] 610569  - [39m02/04/2026, 4:25:19 PM [32m    LOG[39m [38;5;3m[RouterExplorer] [39m[32mMapped {/properties/:id, GET} route[39m[38;5;3m +1ms[39m
[32m[Nest] 610569  - [39m02/04/2026, 4:25:19 PM [32m    LOG[39m [38;5;3m[RouterExplorer] [39m[32mMapped {/properties/:id, PATCH} route[39m[38;5;3m +0ms[39m
[32m[Nest] 610569  - [39m02/04/2026, 4:25:19 PM [32m    LOG[39m [38;5;3m[RouterExplorer] [39m[32mMapped {/properties/:id, DELETE} route[39m[38;5;3m +0ms[39m
[32m[Nest] 610569  - [39m02/04/2026, 4:25:19 PM [32m    LOG[39m [38;5;3m[RoutesResolver] [39m[32mLeadController {/leads}:[39m[38;5;3m +0ms[39m
[32m[Nest] 610569  - [39m02/04/2026, 4:25:19 PM [32m    LOG[39m [38;5;3m[RouterExplorer] [39m[32mMapped {/leads, POST} route[39m[38;5;3m +0ms[39m
[32m[Nest] 610569  - [39m02/04/2026, 4:25:19 PM [32m    LOG[39m [38;5;3m[RouterExplorer] [39m[32mMapped {/leads, GET} route[39m[38;5;3m +0ms[39m
[32m[Nest] 610569  - [39m02/04/2026, 4:[2J[3J[H[[90m4:25:28 PM[0m] File change detected. Starting incremental compilation...

[[90m4:25:28 PM[0m] Found 0 errors. Watching for file changes.

[32m[Nest] 610943  - [39m02/04/2026, 4:25:28 PM [32m    LOG[39m [38;5;3m[NestFactory] [39m[32mStarting Nest application...[39m
[32m[Nest] 610943  - [39m02/04/2026, 4:25:28 PM [32m    LOG[39m [38;5;3m[InstanceLoader] [39m[32mCommonModule dependencies initialized[39m[38;5;3m +8ms[39m
[32m[Nest] 610943  - [39m02/04/2026, 4:25:28 PM [32m    LOG[39m [38;5;3m[InstanceLoader] [39m[32mPassportModule dependencies initialized[39m[38;5;3m +0ms[39m
[32m[Nest] 610943  - [39m02/04/2026, 4:25:28 PM [32m    LOG[39m [38;5;3m[InstanceLoader] [39m[32mConfigHostModule dependencies initialized[39m[38;5;3m +1ms[39m
[32m[Nest] 610943  - [39m02/04/2026, 4:25:28 PM [32m    LOG[39m [38;5;3m[InstanceLoader] [39m[32mAppModule dependencies initialized[39m[38;5;3m +1ms[39m
[32m[Nest] 610943  - [39m02/04/2026, 4:25:28 PM [32m    LOG[39m [38;5;3m[InstanceLoader] [39m[32mConfigModule dependencies initialized[39m[38;5;3m +0ms[39m
[32m[Nest] 610943  - [39m02/04/2026, 4:25:28 PM [32m    LOG[39m [38;5;3m[InstanceLoader] [39m[32mConfigModule dependencies initialized[39m[38;5;3m +0ms[39m
[32m[Nest] 610943  - [39m02/04/2026, 4:25:28 PM [32m    LOG[39m [38;5;3m[InstanceLoader] [39m[32mJwtModule dependencies initialized[39m[38;5;3m +0ms[39m
[32m[Nest] 610943  - [39m02/04/2026, 4:25:28 PM [32m    LOG[39m [38;5;3m[InstanceLoader] [39m[32mChatbotModule dependencies initialized[39m[38;5;3m +0ms[39m
[32m[Nest] 610943  - [39m02/04/2026, 4:25:28 PM [32m    LOG[39m [38;5;3m[InstanceLoader] [39m[32mPropertyModule dependencies initialized[39m[38;5;3m +1ms[39m
[32m[Nest] 610943  - [39m02/04/2026, 4:25:28 PM [32m    LOG[39m [38;5;3m[InstanceLoader] [39m[32mLeadModule dependencies initialized[39m[38;5;3m +0ms[39m
[32m[Nest] 610943  - [39m02/04/2026, 4:25:28 PM [32m    LOG[39m [38;5;3m[InstanceLoader] [39m[32mAuthModule dependencies initialized[39m[38;5;3m +0ms[39m
[32m[Nest] 610943  - [39m02/04/2026, 4:25:28 PM [32m    LOG[39m [38;5;3m[RoutesResolver] [39m[32mAppController {/}:[39m[38;5;3m +7ms[39m
[32m[Nest] 610943  - [39m02/04/2026, 4:25:28 PM [32m    LOG[39m [38;5;3m[RouterExplorer] [39m[32mMapped {/, GET} route[39m[38;5;3m +1ms[39m
[32m[Nest] 610943  - [39m02/04/2026, 4:25:28 PM [32m    LOG[39m [38;5;3m[RoutesResolver] [39m[32mAuthController {/auth}:[39m[38;5;3m +0ms[39m
[32m[Nest] 610943  - [39m02/04/2026, 4:25:28 PM [32m    LOG[39m [38;5;3m[RouterExplorer] [39m[32mMapped {/auth/register, POST} route[39m[38;5;3m +1ms[39m
[32m[Nest] 610943  - [39m02/04/2026, 4:25:28 PM [32m    LOG[39m [38;5;3m[RouterExplorer] [39m[32mMapped {/auth/login, POST} route[39m[38;5;3m +0ms[39m
[32m[Nest] 610943  - [39m02/04/2026, 4:25:28 PM [32m    LOG[39m [38;5;3m[RoutesResolver] [39m[32mPropertyController {/properties}:[39m[38;5;3m +0ms[39m
[32m[Nest] 610943  - [39m02/04/2026, 4:25:28 PM [32m    LOG[39m [38;5;3m[RouterExplorer] [39m[32mMapped {/properties, POST} route[39m[38;5;3m +0ms[39m
[32m[Nest] 610943  - [39m02/04/2026, 4:25:28 PM [32m    LOG[39m [38;5;3m[RouterExplorer] [39m[32mMapped {/properties, GET} route[39m[38;5;3m +1ms[39m
[32m[Nest] 610943  - [39m02/04/2026, 4:25:28 PM [32m    LOG[39m [38;5;3m[RouterExplorer] [39m[32mMapped {/properties/:id, GET} route[39m[38;5;3m +0ms[39m
[32m[Nest] 610943  - [39m02/04/2026, 4:25:28 PM [32m    LOG[39m [38;5;3m[RouterExplorer] [39m[32mMapped {/properties/:id, PATCH} route[39m[38;5;3m +0ms[39m
[32m[Nest] 610943  - [39m02/04/2026, 4:25:28 PM [32m    LOG[39m [38;5;3m[RouterExplorer] [39m[32mMapped {/properties/:id, DELETE} route[39m[38;5;3m +0ms[39m
[32m[Nest] 610943  - [39m02/04/2026, 4:25:28 PM [32m    LOG[39m [38;5;3m[RoutesResolver] [39m[32mLeadController {/leads}:[39m[38;5;3m +0ms[39m
[32m[Nest] 610943  - [39m02/04/2026, 4:25:28 PM [32m    LOG[39m [38;5;3m[RouterExplorer] [39m[32mMapped {/leads, POST} route[39m[38;5;3m +1ms[39m
[32m[Nest] 610943  - [39m02/04/2026, 4:25:28 PM [32m    LOG[39m [38;5;3m[RouterExplorer] [39m[32mMapped {/leads, GET} route[39m[38;5;3m +0ms[39m
[32m[Nest] 610943  - [39m02/04/2026, 4:25:28 PM [32m    LOG[39m [38;5;3m[RouterExplorer] [39m[32mMapped {/leads/:id, GET} route[39m[38;5;3m +0ms[39m
[32m[Nest] 610943  - [39m02/04/2026, 4:25:28 PM [32m    LOG[39m [38;5;3m[RouterExplorer] [39m[32mMapped {/leads/:id/status, PATCH} route[39m[38;5;3m +0ms[39m
[32m[Nest] 610943  - [39m02/04/2026, 4:25:28 PM [32m    LOG[39m [38;5;3m[RoutesResolver] [39m[32mChatbotController {/chatbot}:[39m[38;5;3m +0ms[39m
[32m[Nest] 610943  - [39m02/04/2026, 4:25:28 PM [32m    LOG[39m [38;5;3m[RouterExplorer] [39m[32mMapped {/chatbot/message, POST} route[39m[38;5;3m +0ms[39m
[32m[Nest] 610943  - [39m02/04/2026, 4:25:28 PM [32m    LOG[39m [38;5;3m[RouterExplorer] [39m[32mMapped {/chatbot/conversations, GET} route[39m[38;5;3m +0ms[39m
[32m[Nest] 610943  - [39m02/04/2026, 4:25:28 PM [32m    LOG[39m [38;5;3m[NestApplication] [39m[32mNest application successfully started[39m[38;5;3m +46ms[39m
Application is running on: http://[::1]:3001
st] 610944  - [39m02/04/2026, 4:25:28 PM [32m    LOG[39m [38;5;3m[RouterExplorer] [39m[32mMapped {/properties/:id, GET} route[39m[38;5;3m +0ms[39m
[32m[Nest] 610944  - [39m02/04/2026, 4:25:28 PM [32m    LOG[39m [38;5;3m[RouterExplorer] [39m[32mMapped {/properties/:id, PATCH} route[39m[38;5;3m +0ms[39m
[32m[Nest] 610944  - [39m02/04/2026, 4:25:28 PM [32m    LOG[39m [38;5;3m[RouterExplorer] [39m[32mMapped {/properties/:id, DELETE} route[39m[38;5;3m +0ms[39m
[32m[Nest] 610944  - [39m02/04/2026, 4:25:28 PM [32m    LOG[39m [38;5;3m[RoutesResolver] [39m[32mLeadController {/leads}:[39m[38;5;3m +0ms[39m
[32m[Nest] 610944  - [39m02/04/2026, 4:25:28 PM [32m    LOG[39m [38;5;3m[RouterExplorer] [39m[32mMapped {/leads, POST} route[39m[38;5;3m +0ms[39m
[32m[Nest] 610944  - [39m02/04/2026, 4:25:28 PM [32m    LOG[39m [38;5;3m[RouterExplorer] [39m[32mMapped {/leads, GET} route[39m[38;5;3m +1ms[39m
[32m[Nest] 610944  - [39m02/04/2026, 4:25:28 PM [32m    LOG[39m [38;5;3m[RouterExplorer] [39m[32mMapped {/leads/:id, GET} route[39m[38;5;3m +0ms[39m
[32m[Nest] 610944  - [39m02/04/2026, 4:25:28 PM [32m    LOG[39m [38;5;3m[RouterExplorer] [39m[32mMapped {/leads/:id/status, PATCH} route[39m[38;5;3m +0ms[39m
[32m[Nest] 610944  - [39m02/04/2026, 4:25:28 PM [32m    LOG[39m [38;5;3m[RoutesResolver] [39m[32mChatbotController {/chatbot}:[39m[38;5;3m +0ms[39m
[32m[Nest] 610944  - [39m02/04/2026, 4:25:28 PM [32m    LOG[39m [38;5;3m[RouterExplorer] [39m[32mMapped {/chatbot/message, POST} route[39m[38;5;3m +0ms[39m
[32m[Nest] 610944  - [39m02/04/2026, 4:25:28 PM [32m    LOG[39m [38;5;3m[RouterExplorer] [39m[32mMapped {/chatbot/conversations, GET} route[39m[38;5;3m +0ms[39m
[32m[Nest] 610944  - [39m02/04/2026, 4:25:28 PM [32m    LOG[39m [38;5;3m[NestApplication] [39m[32mNest application successfully started[39m[38;5;3m +46ms[39m
[31m[Nest] 610944  - [39m02/04/2026, 4:25:28 PM [31m  ERROR[39m [38;5;3m[NestApplication] [39m[31mError: listen EADDRINUSE: address already in use :::3001[39m[38;5;3m +3ms[39m
node:net:1940
    const ex = new UVExceptionWithHostPort(err, 'listen', address, port);
               ^

Error: listen EADDRINUSE: address already in use :::3001
    at Server.setupListenHandle [as _listen2] (node:net:1940:16)
    at listenInCluster (node:net:1997:12)
    at Server.listen (node:net:2102:7)
    at ExpressAdapter.listen (/home/atif/square21/backend/node_modules/@nestjs/platform-express/adapters/express-adapter.js:127:32)
    at /home/atif/square21/backend/node_modules/@nestjs/core/nest-application.js:188:30
    at new Promise (<anonymous>)
    at NestApplication.listen (/home/atif/square21/backend/node_modules/@nestjs/core/nest-application.js:178:16)
    at async bootstrap (/home/atif/square21/backend/src/main.ts:16:3) {
  code: 'EADDRINUSE',
  errno: -98,
  syscall: 'listen',
  address: '::',
  port: 3001
}

Node.js v25.3.0
